---
source: src/record/display/time_range.rs
expression: "tr.print(6, \"%R\").unwrap()"
---
00:00 ▒░▒░▒░
01:00 ░▒░▒░▒
02:00 ▒░▒░▒░
03:00 ░▒░▒░▒
04:00 ▒░▒░▒░
05:00 ░▒░▒░▒
06:00 ▒░▒░▒░
07:00 ░▒░▒░▒
08:00 ▒░▒░▒░
09:00 ▓▓▓▓▓▓ In @ 09:30
10:00 ▓▓▓▓▓▓
11:00 ▓▓▓▓▓▓ Out @ 11:24
12:00 ▒░▒░▒░
13:00 ▓▓▓▓▓▓ In @ 13:10
14:00 ▓▓▓▓▓▓ [2 transitions overlapping]
15:00 ▓▓▓▓▓▓ Out @ 15:53
16:00 ▒░▒░▒░
17:00 ░▒░▒░▒
18:00 ▒░▒░▒░
19:00 ░▒░▒░▒
20:00 ▓▓▓▓▓▓ In @ 20:47
21:00 ▓▓▓▓▓▓
22:00 ▓▓▓▓▓▓ Out @ 22:51
23:00 ░▒░▒░▒
